2026-08-04 11:04:01,458 | ERROR | 'CameraWidget' object has no attribute 'set_pixmap'
Traceback (most recent call last):
  File "F:\TUYEN\serverpy\GS1Scanner\main.py", line 76, in main
    window = MainWindow()
  File "F:\TUYEN\serverpy\GS1Scanner\app\ui\main_window.py", line 58, in __init__
    self._connect_signal()
  File "F:\TUYEN\serverpy\GS1Scanner\app\ui\main_window.py", line 185, in _connect_signal
    self.cameraWidget.set_pixmap
AttributeError: 'CameraWidget' object has no attribute 'set_pixmap'
2026-08-04 11:07:53,949 | ERROR | name 'event' is not defined
Traceback (most recent call last):
  File "F:\TUYEN\serverpy\GS1Scanner\main.py", line 76, in main
    window = MainWindow()
  File "F:\TUYEN\serverpy\GS1Scanner\app\ui\main_window.py", line 56, in __init__
    self._create_ui()
  File "F:\TUYEN\serverpy\GS1Scanner\app\ui\main_window.py", line 99, in _create_ui
    self.cameraWidget = CameraWidget()
  File "F:\TUYEN\serverpy\GS1Scanner\app\ui\widgets\camera_widget.py", line 31, in __init__
    super().paintEvent(event)
NameError: name 'event' is not defined
2026-08-04 11:23:04,903 | ERROR | 'MainWindow' object has no attribute 'on_scan_result'
Traceback (most recent call last):
  File "F:\TUYEN\serverpy\GS1Scanner\main.py", line 76, in main
    window = MainWindow()
  File "F:\TUYEN\serverpy\GS1Scanner\app\ui\main_window.py", line 58, in __init__
    self._connect_signal()
  File "F:\TUYEN\serverpy\GS1Scanner\app\ui\main_window.py", line 199, in _connect_signal
    self.on_scan_result
AttributeError: 'MainWindow' object has no attribute 'on_scan_result'
